// Jest Snapshot v1, https://goo.gl/fbAQLP

exports[`Atom - Modal should preserve structure 1`] = `<Modal />`;
