// Jest Snapshot v1, https://goo.gl/fbAQLP

exports[`Atom - Card should preserve structure 1`] = `<Card />`;
