// Jest Snapshot v1, https://goo.gl/fbAQLP

exports[`Atom - Button should preserve structure 1`] = `<Button />`;
