// Jest Snapshot v1, https://goo.gl/fbAQLP

exports[`Atom - Dashboard should preserve structure 1`] = `<Dashboard />`;
